★ eas-cli@16.28.0 is now available.
To upgrade, run:
npm install -g eas-cli
Proceeding with outdated version.

Resolved "preview" environment for the build. Learn more: https://docs.expo.dev/eas/environment-variables/#setting-the-environment-for-your-builds
No environment variables with visibility "Plain text" and "Sensitive" found for the "preview" environment on EAS.

✔ Using remote Android credentials (Expo server)
